// Jest Snapshot v1, https://goo.gl/fbAQLP

exports[`Test on <hookApp> component should match the snapshot 1`] = `
<div>
  <h1>
    Hola Mundo
  </h1>
</div>
`;
