// Jest Snapshot v1, https://goo.gl/fbAQLP

exports[`Test on <MultipleCustomHooks> should show correctly 1`] = `
<div>
  <h1>
    Breaking bad Quotes
  </h1>
  <hr />
  <div
    className="alert alert-info text-center"
  >
    loading...
  </div>
  <button
    className="btn btn-primary"
    onClick={[Function]}
  >
    siguiente quote
  </button>
</div>
`;
