// Jest Snapshot v1, https://goo.gl/fbAQLP

exports[`Test on <TodoListItem/> should show correctly 1`] = `
<li
  className="list-group-item"
  key="1"
>
  <p
    className="text-center false"
    onClick={[Function]}
  >
    1
    .
    Aprender React
  </p>
  <button
    className="btn btn-danger"
    onClick={[Function]}
  >
    borrar
  </button>
</li>
`;
